// Jest Snapshot v1, https://goo.gl/fbAQLP

exports[`ManagerBot sendMessage throw error if send message after delete chatId 1`] = `"Specify chatId before send message via managerBot.addChat(chatId)"`;

exports[`ManagerBot sendMessage throw error without initializing chatId 1`] = `"Specify chatId before send message via managerBot.addChat(chatId)"`;
